// Jest Snapshot v1, https://goo.gl/fbAQLP

exports[`App renders the root without loading screen 1`] = `
<View
  style={
    Object {
      "alignItems": "center",
      "backgroundColor": "#fff",
      "flex": 1,
      "justifyContent": "center",
    }
  }
>
  <View
    style={
      Object {
        "backgroundColor": "#fff",
        "flex": 1,
      }
    }
  >
    <RCTScrollView
      contentContainerStyle={
        Object {
          "paddingTop": 30,
        }
      }
      style={
        Object {
          "backgroundColor": "#fff",
          "flex": 1,
        }
      }
    >
      <View>
        <View
          style={
            Object {
              "alignItems": "center",
              "marginBottom": 20,
              "marginTop": 10,
            }
          }
        >
          <Image
            source={1}
            style={
              Object {
                "height": 80,
                "marginLeft": -10,
                "marginTop": 3,
                "resizeMode": "contain",
                "width": 100,
              }
            }
          />
        </View>
        <View
          style={
            Object {
              "alignItems": "center",
              "marginHorizontal": 50,
            }
          }
        >
          <Text
            style={
              Object {
                "color": "rgba(0,0,0,0.4)",
                "fontSize": 14,
                "lineHeight": 19,
                "marginBottom": 20,
                "textAlign": "center",
              }
            }
          >
            Development mode is enabled: your app will be slower but you can use useful development tools.
            <Text
              onPress={[Function]}
              style={
                Object {
                  "color": "#2e78b7",
                  "fontSize": 14,
                }
              }
            >
              Learn more
            </Text>
          </Text>
          <Text
            style={
              Object {
                "color": "rgba(96,100,109, 1)",
                "fontSize": 17,
                "lineHeight": 24,
                "textAlign": "center",
              }
            }
          >
            Get started by opening
          </Text>
          <View
            style={
              Array [
                Object {
                  "backgroundColor": "rgba(0,0,0,0.05)",
                  "borderRadius": 3,
                  "paddingHorizontal": 4,
                },
                Object {
                  "marginVertical": 7,
                },
              ]
            }
          >
            <Text
              style={
                Array [
                  undefined,
                  Object {
                    "fontFamily": "space-mono",
                  },
                ]
              }
            />
          </View>
          <Text
            style={
              Object {
                "color": "rgba(96,100,109, 1)",
                "fontSize": 17,
                "lineHeight": 24,
                "textAlign": "center",
              }
            }
          >
            Change this text and your app will automatically reload.
          </Text>
        </View>
        <View
          style={
            Object {
              "alignItems": "center",
              "marginTop": 15,
            }
          }
        >
          <View
            accessible={true}
            isTVSelectable={true}
            onResponderGrant={[Function]}
            onResponderMove={[Function]}
            onResponderRelease={[Function]}
            onResponderTerminate={[Function]}
            onResponderTerminationRequest={[Function]}
            onStartShouldSetResponder={[Function]}
            style={
              Object {
                "opacity": 1,
                "paddingVertical": 15,
              }
            }
          >
            <Text
              style={
                Object {
                  "color": "#2e78b7",
                  "fontSize": 14,
                }
              }
            >
              Help, it didnâ€™t automatically reload!
            </Text>
          </View>
        </View>
      </View>
    </RCTScrollView>
    <View
      style={
        Object {
          "alignItems": "center",
          "backgroundColor": "#fbfbfb",
          "bottom": 0,
          "left": 0,
          "paddingVertical": 20,
          "position": "absolute",
          "right": 0,
          "shadowColor": "black",
          "shadowOffset": Object {
            "height": -3,
            "width": 0,
          },
          "shadowOpacity": 0.1,
          "shadowRadius": 3,
        }
      }
    >
      <Text
        style={
          Object {
            "color": "rgba(96,100,109, 1)",
            "fontSize": 17,
            "textAlign": "center",
          }
        }
      >
        This is a tab bar. You can edit it in:
      </Text>
      <View
        style={
          Array [
            Object {
              "backgroundColor": "rgba(0,0,0,0.05)",
              "borderRadius": 3,
              "paddingHorizontal": 4,
            },
            Object {
              "marginTop": 5,
            },
          ]
        }
      >
        <Text
          style={
            Array [
              Object {
                "color": "rgba(96,100,109, 0.8)",
              },
              Object {
                "fontFamily": "space-mono",
              },
            ]
          }
        />
      </View>
    </View>
  </View>
</View>
`;
